// Jest Snapshot v1, https://goo.gl/fbAQLP

exports[`Renders Example Body section correctly 1`] = `
<section
  class="dark:bg-slate-600 bg-gray-200 h-screen flex items-center justify-center"
  role="example-body-section"
>
  <div
    class="container text-center"
  >
    <h3
      class="text-6xl pb-3"
    >
      This is lorem ipsum content
    </h3>
  </div>
</section>
`;
