// Jest Snapshot v1, https://goo.gl/fbAQLP

exports[`Renders Example Footer correctly 1`] = `
<section
  class="flex items-center justify-center py-8 bg-gray dark:bg-black"
  role="footer"
>
  <p>
    Footer
  </p>
</section>
`;
